current directory: /home/raphaelly/Fullstack-Developer/vendor/bundle/ruby/3.4.0/gems/websocket-driver-0.8.0/ext/websocket-driver
/usr/share/rvm/rubies/ruby-3.4.4/bin/ruby extconf.rb
creating Makefile

current directory: /home/raphaelly/Fullstack-Developer/vendor/bundle/ruby/3.4.0/gems/websocket-driver-0.8.0/ext/websocket-driver
make DESTDIR\= sitearchdir\=./.gem.20251101-12255-7gtx22 sitelibdir\=./.gem.20251101-12255-7gtx22 clean

current directory: /home/raphaelly/Fullstack-Developer/vendor/bundle/ruby/3.4.0/gems/websocket-driver-0.8.0/ext/websocket-driver
make DESTDIR\= sitearchdir\=./.gem.20251101-12255-7gtx22 sitelibdir\=./.gem.20251101-12255-7gtx22
compiling websocket_mask.c
websocket_mask.c: In function ‘Init_websocket_mask’:
websocket_mask.c:26:6: warning: old-style function definition [-Wold-style-definition]
   26 | void Init_websocket_mask()
      |      ^~~~~~~~~~~~~~~~~~~
websocket_mask.c: At top level:
cc1: warning: unrecognized command line option ‘-Wno-self-assign’
cc1: warning: unrecognized command line option ‘-Wno-parentheses-equality’
cc1: warning: unrecognized command line option ‘-Wno-constant-logical-operand’
linking shared-object websocket_mask.so

current directory: /home/raphaelly/Fullstack-Developer/vendor/bundle/ruby/3.4.0/gems/websocket-driver-0.8.0/ext/websocket-driver
make DESTDIR\= sitearchdir\=./.gem.20251101-12255-7gtx22 sitelibdir\=./.gem.20251101-12255-7gtx22 install
/usr/bin/install -m 0755 websocket_mask.so ./.gem.20251101-12255-7gtx22

current directory: /home/raphaelly/Fullstack-Developer/vendor/bundle/ruby/3.4.0/gems/websocket-driver-0.8.0/ext/websocket-driver
make DESTDIR\= sitearchdir\=./.gem.20251101-12255-7gtx22 sitelibdir\=./.gem.20251101-12255-7gtx22 clean
