current directory: /home/raphaelly/Fullstack-Developer/vendor/bundle/ruby/3.4.0/gems/bcrypt-3.1.20/ext/mri
/usr/share/rvm/rubies/ruby-3.4.4/bin/ruby extconf.rb
creating Makefile

current directory: /home/raphaelly/Fullstack-Developer/vendor/bundle/ruby/3.4.0/gems/bcrypt-3.1.20/ext/mri
make DESTDIR\= sitearchdir\=./.gem.20251102-25602-aj2mue sitelibdir\=./.gem.20251102-25602-aj2mue clean

current directory: /home/raphaelly/Fullstack-Developer/vendor/bundle/ruby/3.4.0/gems/bcrypt-3.1.20/ext/mri
make DESTDIR\= sitearchdir\=./.gem.20251102-25602-aj2mue sitelibdir\=./.gem.20251102-25602-aj2mue
compiling bcrypt_ext.c
bcrypt_ext.c: In function ‘Init_bcrypt_ext’:
bcrypt_ext.c:113:6: warning: old-style function definition [-Wold-style-definition]
  113 | void Init_bcrypt_ext(){
      |      ^~~~~~~~~~~~~~~
bcrypt_ext.c: At top level:
cc1: warning: unrecognized command line option ‘-Wno-self-assign’
cc1: warning: unrecognized command line option ‘-Wno-parentheses-equality’
cc1: warning: unrecognized command line option ‘-Wno-constant-logical-operand’
compiling crypt_blowfish.c
gcc  -D__SKIP_GNU     -c -o x86.o x86.S
compiling crypt_gensalt.c
compiling wrapper.c
wrapper.c:182:60: warning: ‘struct crypt_data’ declared inside parameter list will not be visible outside of this definition or declaration
  182 | char *crypt_r(const char *key, const char *setting, struct crypt_data *data)
      |                                                            ^~~~~~~~~~
cc1: warning: unrecognized command line option ‘-Wno-self-assign’
cc1: warning: unrecognized command line option ‘-Wno-parentheses-equality’
cc1: warning: unrecognized command line option ‘-Wno-constant-logical-operand’
linking shared-object bcrypt_ext.so

current directory: /home/raphaelly/Fullstack-Developer/vendor/bundle/ruby/3.4.0/gems/bcrypt-3.1.20/ext/mri
make DESTDIR\= sitearchdir\=./.gem.20251102-25602-aj2mue sitelibdir\=./.gem.20251102-25602-aj2mue install
/usr/bin/install -m 0755 bcrypt_ext.so ./.gem.20251102-25602-aj2mue

current directory: /home/raphaelly/Fullstack-Developer/vendor/bundle/ruby/3.4.0/gems/bcrypt-3.1.20/ext/mri
make DESTDIR\= sitearchdir\=./.gem.20251102-25602-aj2mue sitelibdir\=./.gem.20251102-25602-aj2mue clean
