current directory: /home/raphaelly/Fullstack-Developer/vendor/bundle/ruby/3.4.0/gems/json-2.15.2/ext/json/ext/parser
/usr/share/rvm/rubies/ruby-3.4.4/bin/ruby extconf.rb
checking for rb_enc_interned_str() in ruby/encoding.h... yes
checking for rb_hash_new_capa() in ruby.h... yes
checking for rb_hash_bulk_insert() in ruby.h... yes
checking for strnlen() in string.h... yes
checking for whether -std=c99 is accepted as CFLAGS... yes
checking for x86intrin.h... yes
checking for cpuid.h... yes
creating Makefile

current directory: /home/raphaelly/Fullstack-Developer/vendor/bundle/ruby/3.4.0/gems/json-2.15.2/ext/json/ext/parser
make DESTDIR\= sitearchdir\=./.gem.20251101-12255-30ppv5 sitelibdir\=./.gem.20251101-12255-30ppv5 clean

current directory: /home/raphaelly/Fullstack-Developer/vendor/bundle/ruby/3.4.0/gems/json-2.15.2/ext/json/ext/parser
make DESTDIR\= sitearchdir\=./.gem.20251101-12255-30ppv5 sitelibdir\=./.gem.20251101-12255-30ppv5
compiling parser.c
linking shared-object json/ext/parser.so

current directory: /home/raphaelly/Fullstack-Developer/vendor/bundle/ruby/3.4.0/gems/json-2.15.2/ext/json/ext/parser
make DESTDIR\= sitearchdir\=./.gem.20251101-12255-30ppv5 sitelibdir\=./.gem.20251101-12255-30ppv5 install
/usr/bin/install -m 0755 parser.so ./.gem.20251101-12255-30ppv5/json/ext

current directory: /home/raphaelly/Fullstack-Developer/vendor/bundle/ruby/3.4.0/gems/json-2.15.2/ext/json/ext/parser
make DESTDIR\= sitearchdir\=./.gem.20251101-12255-30ppv5 sitelibdir\=./.gem.20251101-12255-30ppv5 clean
