current directory: /home/raphaelly/Fullstack-Developer/vendor/bundle/ruby/3.4.0/gems/ed25519-1.4.0/ext/ed25519_ref10
/usr/share/rvm/rubies/ruby-3.4.4/bin/ruby extconf.rb
checking for whether -Wall is accepted as CFLAGS... yes
checking for whether -O3 is accepted as CFLAGS... yes
checking for whether -pedantic is accepted as CFLAGS... yes
checking for whether -std=c99 is accepted as CFLAGS... no
creating Makefile

current directory: /home/raphaelly/Fullstack-Developer/vendor/bundle/ruby/3.4.0/gems/ed25519-1.4.0/ext/ed25519_ref10
make DESTDIR\= sitearchdir\=./.gem.20251101-12255-2zaz4q sitelibdir\=./.gem.20251101-12255-2zaz4q clean

current directory: /home/raphaelly/Fullstack-Developer/vendor/bundle/ruby/3.4.0/gems/ed25519-1.4.0/ext/ed25519_ref10
make DESTDIR\= sitearchdir\=./.gem.20251101-12255-2zaz4q sitelibdir\=./.gem.20251101-12255-2zaz4q
compiling ed25519_ref10.c
ed25519_ref10.c: In function ‘Init_ed25519_ref10’:
ed25519_ref10.c:12:6: warning: old-style function definition [-Wold-style-definition]
   12 | void Init_ed25519_ref10()
      |      ^~~~~~~~~~~~~~~~~~
ed25519_ref10.c: At top level:
cc1: warning: unrecognized command line option ‘-Wno-self-assign’
cc1: warning: unrecognized command line option ‘-Wno-parentheses-equality’
cc1: warning: unrecognized command line option ‘-Wno-constant-logical-operand’
compiling fe.c
compiling ge.c
compiling keypair.c
compiling open.c
compiling sc_muladd.c
compiling sc_reduce.c
compiling sha512.c
compiling sign.c
compiling verify.c
linking shared-object ed25519_ref10.so

current directory: /home/raphaelly/Fullstack-Developer/vendor/bundle/ruby/3.4.0/gems/ed25519-1.4.0/ext/ed25519_ref10
make DESTDIR\= sitearchdir\=./.gem.20251101-12255-2zaz4q sitelibdir\=./.gem.20251101-12255-2zaz4q install
/usr/bin/install -m 0755 ed25519_ref10.so ./.gem.20251101-12255-2zaz4q

current directory: /home/raphaelly/Fullstack-Developer/vendor/bundle/ruby/3.4.0/gems/ed25519-1.4.0/ext/ed25519_ref10
make DESTDIR\= sitearchdir\=./.gem.20251101-12255-2zaz4q sitelibdir\=./.gem.20251101-12255-2zaz4q clean
